
> frontend@0.0.0 test:browser
> playwright test --workers=2

[WebServer] (node:3475) Warning: The 'NO_COLOR' env is ignored due to the 'FORCE_COLOR' env being set.
[WebServer] (Use `node --trace-warnings ...` to show where the warning was created)

Running 93 tests using 2 workers

(node:3571) Warning: The 'NO_COLOR' env is ignored due to the 'FORCE_COLOR' env being set.
(Use `node --trace-warnings ...` to show where the warning was created)
(node:3572) Warning: The 'NO_COLOR' env is ignored due to the 'FORCE_COLOR' env being set.
(Use `node --trace-warnings ...` to show where the warning was created)
  ✓   1 [chromium] › e2e/arranque.spec.ts:54:3 › sin sesión, / muestra el login del bundle construido (1.8s)
  ✓   2 [chromium] › e2e/arranque.spec.ts:54:3 › sin sesión, /login muestra el login del bundle construido (2.3s)
  ✓   3 [chromium] › e2e/arranque.spec.ts:54:3 › sin sesión, /pos muestra el login del bundle construido (1.7s)
  ✓   4 [chromium] › e2e/arranque.spec.ts:54:3 › sin sesión, /devoluciones muestra el login del bundle construido (1.5s)
  ✓   5 [chromium] › e2e/arranque.spec.ts:54:3 › sin sesión, /auditoria muestra el login del bundle construido (1.5s)
  ✓   6 [chromium] › e2e/arranque.spec.ts:54:3 › sin sesión, /admin/login muestra el login del bundle construido (1.4s)
  ✓   7 [chromium] › e2e/arranque.spec.ts:65:3 › el login sigue disponible si ferre_solicitudes_descuento_tenant-demo-1 contiene JSON corrupto (1.4s)
  ✓   8 [chromium] › e2e/arranque.spec.ts:65:3 › el login sigue disponible si ferre_solicitudes_descuento contiene JSON corrupto (1.3s)
  ✓  10 [chromium] › e2e/arranque.spec.ts:73:1 › eventos de otras pestañas con notificaciones inválidas no interrumpen el login (1.6s)
  ✓   9 [chromium] › e2e/arranque.spec.ts:65:3 › el login sigue disponible si ferre_notificaciones_transferencia_tenant-demo-1 contiene JSON corrupto (1.7s)
  ✓  12 [chromium] › e2e/arranque.spec.ts:86:3 › login simulado de CAJERO carga las pantallas y respeta acceso a auditoría (6.5s)
  ✓  11 [chromium] › e2e/arranque.spec.ts:86:3 › login simulado de ADMIN carga las pantallas y respeta acceso a auditoría (7.1s)
  ✓  13 [chromium] › e2e/compras-simulado.spec.ts:117:3 › Ciclo de compras — interfaz con backend simulado (E2E simulado) › recibir mercancía exige confirmación: cancelar no envía nada; aceptar envía una sola recepción (5.1s)
  ✓  14 [chromium] › e2e/compras-simulado.spec.ts:130:3 › Ciclo de compras — interfaz con backend simulado (E2E simulado) › un doble clic en Confirmar recepción envía una sola recepción (5.0s)
  ✓  15 [chromium] › e2e/compras-simulado.spec.ts:140:3 › Ciclo de compras — interfaz con backend simulado (E2E simulado) › si se pierde la respuesta, la recepción queda pendiente y el reintento usa la misma solicitud (4.8s)
  ✓  16 [chromium] › e2e/compras-simulado.spec.ts:153:3 › Ciclo de compras — interfaz con backend simulado (E2E simulado) › un doble clic en Registrar factura envía una sola factura (5.6s)
  ✓  17 [chromium] › e2e/compras-simulado.spec.ts:167:3 › Ciclo de compras — interfaz con backend simulado (E2E simulado) › registrar un pago a proveedor pide confirmación, avisa que no afecta la caja y marca la cuenta como pagada (6.0s)
  ✓  18 [chromium] › e2e/compras-simulado.spec.ts:184:3 › Ciclo de compras — interfaz con backend simulado (E2E simulado) › el ciclo de compras cabe en un teléfono sin desbordamiento horizontal (4.5s)
  ✓  20 [chromium] › e2e/levantamiento.spec.ts:154:3 › Levantamiento de inventario (FS-06 fase 2) › crear levantamiento: un fallo de red conserva la clave y el reintento no duplica el levantamiento (5.4s)
  ✓  19 [chromium] › e2e/levantamiento.spec.ts:168:3 › Levantamiento de inventario (FS-06 fase 2) › contar: un envío perdido queda pendiente, se confirma sin duplicar y el guardado es visible (6.0s)
  ✓  21 [chromium] › e2e/levantamiento.spec.ts:182:3 › Levantamiento de inventario (FS-06 fase 2) › advierte antes de guardar un artículo ya contado por el mismo empleado y permite editar el conteo anterior (3.8s)
  ✓  22 [chromium] › e2e/levantamiento.spec.ts:197:3 › Levantamiento de inventario (FS-06 fase 2) › avisa, sin bloquear, cuando otro empleado ya contó el artículo y registra el conflicto (3.8s)
  ✓  23 [chromium] › e2e/levantamiento.spec.ts:210:3 › Levantamiento de inventario (FS-06 fase 2) › si otro dispositivo registró el artículo después de cargar la pantalla, el servidor rechaza el duplicado y muestra el motivo (3.6s)
  ✓  24 [chromium] › e2e/levantamiento.spec.ts:222:3 › Levantamiento de inventario (FS-06 fase 2) › flujo completo: crear, contar con marca, finalizar, revisar impacto y aplicar (5.5s)
  ✓  25 [chromium] › e2e/levantamiento.spec.ts:251:3 › Levantamiento en teléfono › la captura cabe en el ancho del teléfono y registra un producto sin fotografía (3.6s)
  ✓  26 [chromium] › e2e/navigation-settings.spec.ts:49:3 › SUPERADMIN SIDEBAR es: navegación, prioridades, módulos y móvil (2.0s)
  ✓  27 [chromium] › e2e/navigation-settings.spec.ts:49:3 › SUPERADMIN SIDEBAR en: navegación, prioridades, módulos y móvil (1.9s)
  ✓  28 [chromium] › e2e/navigation-settings.spec.ts:49:3 › SUPERADMIN TOPNAV es: navegación, prioridades, módulos y móvil (1.6s)
  ✓  29 [chromium] › e2e/navigation-settings.spec.ts:49:3 › SUPERADMIN TOPNAV en: navegación, prioridades, módulos y móvil (2.2s)
  ✓  30 [chromium] › e2e/navigation-settings.spec.ts:49:3 › ADMIN SIDEBAR es: navegación, prioridades, módulos y móvil (1.9s)
  ✓  31 [chromium] › e2e/navigation-settings.spec.ts:49:3 › ADMIN SIDEBAR en: navegación, prioridades, módulos y móvil (1.8s)
  ✓  32 [chromium] › e2e/navigation-settings.spec.ts:49:3 › ADMIN TOPNAV es: navegación, prioridades, módulos y móvil (2.1s)
  ✓  33 [chromium] › e2e/navigation-settings.spec.ts:49:3 › ADMIN TOPNAV en: navegación, prioridades, módulos y móvil (2.1s)
  ✓  34 [chromium] › e2e/navigation-settings.spec.ts:49:3 › CAJERO SIDEBAR es: navegación, prioridades, módulos y móvil (1.9s)
  ✓  35 [chromium] › e2e/navigation-settings.spec.ts:49:3 › CAJERO SIDEBAR en: navegación, prioridades, módulos y móvil (1.4s)
  ✓  36 [chromium] › e2e/navigation-settings.spec.ts:49:3 › CAJERO TOPNAV es: navegación, prioridades, módulos y móvil (2.0s)
  ✓  37 [chromium] › e2e/navigation-settings.spec.ts:49:3 › CAJERO TOPNAV en: navegación, prioridades, módulos y móvil (2.1s)
  ✓  38 [chromium] › e2e/navigation-settings.spec.ts:49:3 › VENDEDOR SIDEBAR es: navegación, prioridades, módulos y móvil (2.3s)
  ✓  39 [chromium] › e2e/navigation-settings.spec.ts:49:3 › VENDEDOR SIDEBAR en: navegación, prioridades, módulos y móvil (2.1s)
  ✓  40 [chromium] › e2e/navigation-settings.spec.ts:49:3 › VENDEDOR TOPNAV es: navegación, prioridades, módulos y móvil (2.0s)
  ✓  41 [chromium] › e2e/navigation-settings.spec.ts:49:3 › VENDEDOR TOPNAV en: navegación, prioridades, módulos y móvil (1.8s)
  ✓  42 [chromium] › e2e/navigation-settings.spec.ts:49:3 › BODEGUERO SIDEBAR es: navegación, prioridades, módulos y móvil (1.5s)
  ✓  43 [chromium] › e2e/navigation-settings.spec.ts:49:3 › BODEGUERO SIDEBAR en: navegación, prioridades, módulos y móvil (1.7s)
  ✓  44 [chromium] › e2e/navigation-settings.spec.ts:49:3 › BODEGUERO TOPNAV es: navegación, prioridades, módulos y móvil (1.6s)
  ✓  45 [chromium] › e2e/navigation-settings.spec.ts:49:3 › BODEGUERO TOPNAV en: navegación, prioridades, módulos y móvil (1.8s)
  ✓  46 [chromium] › e2e/navigation-settings.spec.ts:83:3 › POS false ADMIN SIDEBAR: menús, buscador, accesos, móvil y URL (3.9s)
  ✓  47 [chromium] › e2e/navigation-settings.spec.ts:83:3 › POS true ADMIN SIDEBAR: menús, buscador, accesos, móvil y URL (5.6s)
  ✓  48 [chromium] › e2e/navigation-settings.spec.ts:83:3 › POS false ADMIN TOPNAV: menús, buscador, accesos, móvil y URL (4.8s)
  ✓  49 [chromium] › e2e/navigation-settings.spec.ts:83:3 › POS true ADMIN TOPNAV: menús, buscador, accesos, móvil y URL (6.0s)
  ✓  50 [chromium] › e2e/navigation-settings.spec.ts:83:3 › POS false CAJERO SIDEBAR: menús, buscador, accesos, móvil y URL (4.1s)
  ✓  52 [chromium] › e2e/navigation-settings.spec.ts:83:3 › POS false CAJERO TOPNAV: menús, buscador, accesos, móvil y URL (4.7s)
  ✓  51 [chromium] › e2e/navigation-settings.spec.ts:83:3 › POS true CAJERO SIDEBAR: menús, buscador, accesos, móvil y URL (5.5s)
  ✓  54 [chromium] › e2e/navigation-settings.spec.ts:83:3 › POS false VENDEDOR SIDEBAR: menús, buscador, accesos, móvil y URL (4.5s)
  ✓  53 [chromium] › e2e/navigation-settings.spec.ts:83:3 › POS true CAJERO TOPNAV: menús, buscador, accesos, móvil y URL (6.1s)
  ✓  55 [chromium] › e2e/navigation-settings.spec.ts:83:3 › POS true VENDEDOR SIDEBAR: menús, buscador, accesos, móvil y URL (3.6s)
  ✓  56 [chromium] › e2e/navigation-settings.spec.ts:83:3 › POS false VENDEDOR TOPNAV: menús, buscador, accesos, móvil y URL (2.9s)
  ✓  58 [chromium] › e2e/navigation-settings.spec.ts:83:3 › POS false BODEGUERO SIDEBAR: menús, buscador, accesos, móvil y URL (2.4s)
  ✓  57 [chromium] › e2e/navigation-settings.spec.ts:83:3 › POS true VENDEDOR TOPNAV: menús, buscador, accesos, móvil y URL (3.7s)
  ✓  60 [chromium] › e2e/navigation-settings.spec.ts:83:3 › POS false BODEGUERO TOPNAV: menús, buscador, accesos, móvil y URL (2.4s)
  ✓  59 [chromium] › e2e/navigation-settings.spec.ts:83:3 › POS true BODEGUERO SIDEBAR: menús, buscador, accesos, móvil y URL (3.7s)
  ✓  61 [chromium] › e2e/navigation-settings.spec.ts:83:3 › POS true BODEGUERO TOPNAV: menús, buscador, accesos, móvil y URL (3.4s)
  ✓  62 [chromium] › e2e/navigation-settings.spec.ts:123:1 › settings: valores fiscales soportados, guardado, reload, errores y capturas (4.4s)
  ✓  63 [chromium] › e2e/navigation-settings.spec.ts:157:1 › marca de Super Admin guarda por API, permanece al recargar y no anuncia éxito ante error (3.5s)
  ✓  64 [chromium] › e2e/navigation-settings.spec.ts:191:38 › buscador Escape restaura foco; configuración y pendientes traducidos es (2.1s)
  ✓  66 [chromium] › e2e/navigation-settings.spec.ts:209:1 › configuración vacía del servidor sustituye apariencia vieja de la caché (1.1s)
  ✓  65 [chromium] › e2e/navigation-settings.spec.ts:191:38 › buscador Escape restaura foco; configuración y pendientes traducidos en (2.3s)
  ✓  67 [chromium] › e2e/productos-edicion.spec.ts:126:3 › Edición de productos (FS-07) › una edición parcial envía solo el nombre y la versión, sin tocar existencias ni precios (3.4s)
  ✓  68 [chromium] › e2e/productos-edicion.spec.ts:140:3 › Edición de productos (FS-07) › cambiar costo pide confirmación; cancelar no envía nada y aceptar envía el costo (3.1s)
  ✓  69 [chromium] › e2e/productos-edicion.spec.ts:158:3 › Edición de productos (FS-07) › si otro usuario cambió el producto, el servidor rechaza la edición, no sobrescribe y recarga la lista (2.9s)
  ✓  70 [chromium] › e2e/productos-edicion.spec.ts:173:3 › Edición de productos (FS-07) › un doble clic en Guardar envía una sola edición (2.6s)
  ✓  71 [chromium] › e2e/productos-edicion.spec.ts:185:3 › Edición de productos (FS-07) › un fallo de red no pierde el formulario y el reintento usa la misma versión (3.2s)
  ✓  72 [chromium] › e2e/productos-edicion.spec.ts:201:3 › Edición de productos (FS-07) › cambiar existencias exige motivo antes de enviar (3.3s)
  ✓  73 [chromium] › e2e/productos-edicion.spec.ts:217:3 › Edición de productos (FS-07) › reactivar un producto inactivo: se muestra al activar la opción y se envía activo=true tras confirmar (2.7s)
  ✓  74 [chromium] › e2e/productos-edicion.spec.ts:231:3 › Edición de productos (FS-07) › la edición cabe en un teléfono sin desbordamiento horizontal (2.3s)
  ✓  75 [chromium] › e2e/productos-edicion.spec.ts:246:5 › Inventario para entrega al cliente / API simulada › alta sencilla con decimales, variantes y doble clic en SIDEBAR (2.7s)
  ✓  76 [chromium] › e2e/productos-edicion.spec.ts:246:5 › Inventario para entrega al cliente / API simulada › alta sencilla con decimales, variantes y doble clic en TOPNAV (3.0s)
  ✓  78 [chromium] › e2e/productos-edicion.spec.ts:285:3 › Inventario para entrega al cliente / API simulada › código de barras duplicado muestra el error y conserva el formulario (3.0s)
  ✓  77 [chromium] › e2e/productos-edicion.spec.ts:268:3 › Inventario para entrega al cliente / API simulada › respuesta perdida y recarga: confirma la misma alta sin crear otro producto (4.2s)
  ✓  79 [chromium] › e2e/productos-edicion.spec.ts:300:3 › Inventario para entrega al cliente / API simulada › buscar por categoría real y descripción filtra el catálogo (3.3s)
  ✓  80 [chromium] › e2e/productos-edicion.spec.ts:315:3 › Inventario para entrega al cliente / API simulada › una recepción mientras el formulario está abierto impide un ajuste obsoleto (2.9s)
  ✓  81 [chromium] › e2e/productos-edicion.spec.ts:328:3 › Inventario para entrega al cliente / API simulada › cámara denegada conserva la captura manual, sin envío automático (2.5s)
  ✓  83 [chromium] › e2e/seed-safety.spec.ts:50:1 › bloquea cuando SEED_TARGET_URL no está definida (2ms)
  ✓  84 [chromium] › e2e/seed-safety.spec.ts:56:1 › bloquea cuando SEED_EMAIL no está definida (1ms)
  ✓  85 [chromium] › e2e/seed-safety.spec.ts:62:1 › bloquea cuando SEED_PASSWORD no está definida (0ms)
  ✓  86 [chromium] › e2e/seed-safety.spec.ts:68:1 › bloquea URL de producción Vercel (ferre-system.vercel.app) (0ms)
  ✓  87 [chromium] › e2e/seed-safety.spec.ts:78:1 › bloquea cualquier subdominio de vercel.app (1ms)
  ✓  88 [chromium] › e2e/seed-safety.spec.ts:88:1 › bloquea URL de producción Render (1ms)
  ✓  89 [chromium] › e2e/seed-safety.spec.ts:98:1 › bloquea URL de Supabase (2ms)
  ✓  90 [chromium] › e2e/seed-safety.spec.ts:108:1 › bloquea dominio propio de producción ferresystem.com (1ms)
  ✓  91 [chromium] › e2e/seed-safety.spec.ts:118:1 › permite entorno local localhost (1ms)
  ✓  92 [chromium] › e2e/seed-safety.spec.ts:128:1 › permite entorno de staging en dominio controlado (1ms)
  ✓  82 [chromium] › e2e/productos-edicion.spec.ts:349:3 › Inventario para entrega al cliente / API simulada › alta y cámara muestran textos en inglés (3.0s)
  ✓  93 [chromium] › e2e/template-v2.spec.ts:3:1 › V2 preserves branding across modes, reload, and return to classic variants (3.3s)

  93 passed (2.3m)
