[WebServer] (node:19437) Warning: The 'NO_COLOR' env is ignored due to the 'FORCE_COLOR' env being set.
[WebServer] (Use `node --trace-warnings ...` to show where the warning was created)

Running 23 tests using 2 workers

(node:19457) Warning: The 'NO_COLOR' env is ignored due to the 'FORCE_COLOR' env being set.
(Use `node --trace-warnings ...` to show where the warning was created)
(node:19456) Warning: The 'NO_COLOR' env is ignored due to the 'FORCE_COLOR' env being set.
(Use `node --trace-warnings ...` to show where the warning was created)
  ✘   1 [webkit-iphone-emulado] › e2e/levantamiento.spec.ts:168:3 › Levantamiento de inventario (FS-06 fase 2) › contar: un envío perdido queda pendiente, se confirma sin duplicar y el guardado es visible (88ms)
  ✘   2 [webkit-iphone-emulado] › e2e/levantamiento.spec.ts:154:3 › Levantamiento de inventario (FS-06 fase 2) › crear levantamiento: un fallo de red conserva la clave y el reintento no duplica el levantamiento (3ms)
(node:20326) Warning: The 'NO_COLOR' env is ignored due to the 'FORCE_COLOR' env being set.
(Use `node --trace-warnings ...` to show where the warning was created)
(node:20332) Warning: The 'NO_COLOR' env is ignored due to the 'FORCE_COLOR' env being set.
(Use `node --trace-warnings ...` to show where the warning was created)
  ✘   3 [webkit-iphone-emulado] › e2e/levantamiento.spec.ts:182:3 › Levantamiento de inventario (FS-06 fase 2) › advierte antes de guardar un artículo ya contado por el mismo empleado y permite editar el conteo anterior (2ms)
  ✘   4 [webkit-iphone-emulado] › e2e/levantamiento.spec.ts:197:3 › Levantamiento de inventario (FS-06 fase 2) › avisa, sin bloquear, cuando otro empleado ya contó el artículo y registra el conflicto (3ms)
(node:21196) Warning: The 'NO_COLOR' env is ignored due to the 'FORCE_COLOR' env being set.
(Use `node --trace-warnings ...` to show where the warning was created)
(node:21203) Warning: The 'NO_COLOR' env is ignored due to the 'FORCE_COLOR' env being set.
(Use `node --trace-warnings ...` to show where the warning was created)
  ✘   5 [webkit-iphone-emulado] › e2e/levantamiento.spec.ts:210:3 › Levantamiento de inventario (FS-06 fase 2) › si otro dispositivo registró el artículo después de cargar la pantalla, el servidor rechaza el duplicado y muestra el motivo (4ms)
  ✘   6 [webkit-iphone-emulado] › e2e/levantamiento.spec.ts:222:3 › Levantamiento de inventario (FS-06 fase 2) › flujo completo: crear, contar con marca, finalizar, revisar impacto y aplicar (3ms)
(node:22066) Warning: The 'NO_COLOR' env is ignored due to the 'FORCE_COLOR' env being set.
(Use `node --trace-warnings ...` to show where the warning was created)
(node:22072) Warning: The 'NO_COLOR' env is ignored due to the 'FORCE_COLOR' env being set.
(Use `node --trace-warnings ...` to show where the warning was created)
  ✘   7 [webkit-iphone-emulado] › e2e/productos-edicion.spec.ts:126:3 › Edición de productos (FS-07) › una edición parcial envía solo el nombre y la versión, sin tocar existencias ni precios (2ms)
  ✘   8 [webkit-iphone-emulado] › e2e/levantamiento.spec.ts:251:3 › Levantamiento en teléfono › la captura cabe en el ancho del teléfono y registra un producto sin fotografía (2ms)
(node:22936) Warning: The 'NO_COLOR' env is ignored due to the 'FORCE_COLOR' env being set.
(Use `node --trace-warnings ...` to show where the warning was created)
(node:22942) Warning: The 'NO_COLOR' env is ignored due to the 'FORCE_COLOR' env being set.
(Use `node --trace-warnings ...` to show where the warning was created)
  ✘   9 [webkit-iphone-emulado] › e2e/productos-edicion.spec.ts:140:3 › Edición de productos (FS-07) › cambiar costo pide confirmación; cancelar no envía nada y aceptar envía el costo (2ms)
  ✘  10 [webkit-iphone-emulado] › e2e/productos-edicion.spec.ts:158:3 › Edición de productos (FS-07) › si otro usuario cambió el producto, el servidor rechaza la edición, no sobrescribe y recarga la lista (3ms)
(node:23773) Warning: The 'NO_COLOR' env is ignored due to the 'FORCE_COLOR' env being set.
(Use `node --trace-warnings ...` to show where the warning was created)
(node:23813) Warning: The 'NO_COLOR' env is ignored due to the 'FORCE_COLOR' env being set.
(Use `node --trace-warnings ...` to show where the warning was created)
  ✘  11 [webkit-iphone-emulado] › e2e/productos-edicion.spec.ts:173:3 › Edición de productos (FS-07) › un doble clic en Guardar envía una sola edición (10ms)
  ✘  12 [webkit-iphone-emulado] › e2e/productos-edicion.spec.ts:185:3 › Edición de productos (FS-07) › un fallo de red no pierde el formulario y el reintento usa la misma versión (3ms)
(node:24676) Warning: The 'NO_COLOR' env is ignored due to the 'FORCE_COLOR' env being set.
(Use `node --trace-warnings ...` to show where the warning was created)
(node:24683) Warning: The 'NO_COLOR' env is ignored due to the 'FORCE_COLOR' env being set.
(Use `node --trace-warnings ...` to show where the warning was created)
  ✘  13 [webkit-iphone-emulado] › e2e/productos-edicion.spec.ts:201:3 › Edición de productos (FS-07) › cambiar existencias exige motivo antes de enviar (3ms)
  ✘  14 [webkit-iphone-emulado] › e2e/productos-edicion.spec.ts:217:3 › Edición de productos (FS-07) › reactivar un producto inactivo: se muestra al activar la opción y se envía activo=true tras confirmar (2ms)
(node:25372) Warning: The 'NO_COLOR' env is ignored due to the 'FORCE_COLOR' env being set.
(Use `node --trace-warnings ...` to show where the warning was created)
(node:25553) Warning: The 'NO_COLOR' env is ignored due to the 'FORCE_COLOR' env being set.
(Use `node --trace-warnings ...` to show where the warning was created)
  ✘  15 [webkit-iphone-emulado] › e2e/productos-edicion.spec.ts:231:3 › Edición de productos (FS-07) › la edición cabe en un teléfono sin desbordamiento horizontal (4ms)
  ✘  16 [webkit-iphone-emulado] › e2e/productos-edicion.spec.ts:246:5 › Inventario para entrega al cliente / API simulada › alta sencilla con decimales, variantes y doble clic en SIDEBAR (2ms)
(node:26341) Warning: The 'NO_COLOR' env is ignored due to the 'FORCE_COLOR' env being set.
(Use `node --trace-warnings ...` to show where the warning was created)
(node:26423) Warning: The 'NO_COLOR' env is ignored due to the 'FORCE_COLOR' env being set.
(Use `node --trace-warnings ...` to show where the warning was created)
  ✘  17 [webkit-iphone-emulado] › e2e/productos-edicion.spec.ts:246:5 › Inventario para entrega al cliente / API simulada › alta sencilla con decimales, variantes y doble clic en TOPNAV (2ms)
  ✘  18 [webkit-iphone-emulado] › e2e/productos-edicion.spec.ts:268:3 › Inventario para entrega al cliente / API simulada › respuesta perdida y recarga: confirma la misma alta sin crear otro producto (3ms)
(node:27062) Warning: The 'NO_COLOR' env is ignored due to the 'FORCE_COLOR' env being set.
(Use `node --trace-warnings ...` to show where the warning was created)
(node:27294) Warning: The 'NO_COLOR' env is ignored due to the 'FORCE_COLOR' env being set.
(Use `node --trace-warnings ...` to show where the warning was created)
  ✘  19 [webkit-iphone-emulado] › e2e/productos-edicion.spec.ts:285:3 › Inventario para entrega al cliente / API simulada › código de barras duplicado muestra el error y conserva el formulario (7ms)
  ✘  20 [webkit-iphone-emulado] › e2e/productos-edicion.spec.ts:300:3 › Inventario para entrega al cliente / API simulada › buscar por categoría real y descripción filtra el catálogo (2ms)
(node:27965) Warning: The 'NO_COLOR' env is ignored due to the 'FORCE_COLOR' env being set.
(Use `node --trace-warnings ...` to show where the warning was created)
(node:28173) Warning: The 'NO_COLOR' env is ignored due to the 'FORCE_COLOR' env being set.
(Use `node --trace-warnings ...` to show where the warning was created)
  ✘  21 [webkit-iphone-emulado] › e2e/productos-edicion.spec.ts:315:3 › Inventario para entrega al cliente / API simulada › una recepción mientras el formulario está abierto impide un ajuste obsoleto (8ms)
  ✘  22 [webkit-iphone-emulado] › e2e/productos-edicion.spec.ts:328:3 › Inventario para entrega al cliente / API simulada › cámara denegada conserva la captura manual, sin envío automático (2ms)
(node:28814) Warning: The 'NO_COLOR' env is ignored due to the 'FORCE_COLOR' env being set.
(Use `node --trace-warnings ...` to show where the warning was created)
  ✘  23 [webkit-iphone-emulado] › e2e/productos-edicion.spec.ts:349:3 › Inventario para entrega al cliente / API simulada › alta y cámara muestran textos en inglés (2ms)


  1) [webkit-iphone-emulado] › e2e/levantamiento.spec.ts:154:3 › Levantamiento de inventario (FS-06 fase 2) › crear levantamiento: un fallo de red conserva la clave y el reintento no duplica el levantamiento 

    Error: browserType.launch: 
    ╔══════════════════════════════════════════════════════╗
    ║ Host system is missing dependencies to run browsers. ║
    ║ Missing libraries:                                   ║
    ║     libGLESv2.so.2                                   ║
    ╚══════════════════════════════════════════════════════╝

    Error Context: test-results-webkit/levantamiento-Levantamient-5bf97-no-duplica-el-levantamiento-webkit-iphone-emulado/error-context.md

    attachment #2: trace (application/zip) ─────────────────────────────────────────────────────────
    test-results-webkit/levantamiento-Levantamient-5bf97-no-duplica-el-levantamiento-webkit-iphone-emulado/trace.zip
    Usage:

        npx playwright show-trace test-results-webkit/levantamiento-Levantamient-5bf97-no-duplica-el-levantamiento-webkit-iphone-emulado/trace.zip

    ────────────────────────────────────────────────────────────────────────────────────────────────

  2) [webkit-iphone-emulado] › e2e/levantamiento.spec.ts:168:3 › Levantamiento de inventario (FS-06 fase 2) › contar: un envío perdido queda pendiente, se confirma sin duplicar y el guardado es visible 

    Error: browserType.launch: 
    ╔══════════════════════════════════════════════════════╗
    ║ Host system is missing dependencies to run browsers. ║
    ║ Missing libraries:                                   ║
    ║     libGLESv2.so.2                                   ║
    ╚══════════════════════════════════════════════════════╝

    Error Context: test-results-webkit/levantamiento-Levantamient-1247c-ar-y-el-guardado-es-visible-webkit-iphone-emulado/error-context.md

    attachment #2: trace (application/zip) ─────────────────────────────────────────────────────────
    test-results-webkit/levantamiento-Levantamient-1247c-ar-y-el-guardado-es-visible-webkit-iphone-emulado/trace.zip
    Usage:

        npx playwright show-trace test-results-webkit/levantamiento-Levantamient-1247c-ar-y-el-guardado-es-visible-webkit-iphone-emulado/trace.zip

    ────────────────────────────────────────────────────────────────────────────────────────────────

  3) [webkit-iphone-emulado] › e2e/levantamiento.spec.ts:182:3 › Levantamiento de inventario (FS-06 fase 2) › advierte antes de guardar un artículo ya contado por el mismo empleado y permite editar el conteo anterior 

    Error: browserType.launch: 
    ╔══════════════════════════════════════════════════════╗
    ║ Host system is missing dependencies to run browsers. ║
    ║ Missing libraries:                                   ║
    ║     libGLESv2.so.2                                   ║
    ╚══════════════════════════════════════════════════════╝

    Error Context: test-results-webkit/levantamiento-Levantamient-b0ae0-e-editar-el-conteo-anterior-webkit-iphone-emulado/error-context.md

    attachment #2: trace (application/zip) ─────────────────────────────────────────────────────────
    test-results-webkit/levantamiento-Levantamient-b0ae0-e-editar-el-conteo-anterior-webkit-iphone-emulado/trace.zip
    Usage:

        npx playwright show-trace test-results-webkit/levantamiento-Levantamient-b0ae0-e-editar-el-conteo-anterior-webkit-iphone-emulado/trace.zip

    ────────────────────────────────────────────────────────────────────────────────────────────────

  4) [webkit-iphone-emulado] › e2e/levantamiento.spec.ts:197:3 › Levantamiento de inventario (FS-06 fase 2) › avisa, sin bloquear, cuando otro empleado ya contó el artículo y registra el conflicto 

    Error: browserType.launch: 
    ╔══════════════════════════════════════════════════════╗
    ║ Host system is missing dependencies to run browsers. ║
    ║ Missing libraries:                                   ║
    ║     libGLESv2.so.2                                   ║
    ╚══════════════════════════════════════════════════════╝

    Error Context: test-results-webkit/levantamiento-Levantamient-b711b-ulo-y-registra-el-conflicto-webkit-iphone-emulado/error-context.md

    attachment #2: trace (application/zip) ─────────────────────────────────────────────────────────
    test-results-webkit/levantamiento-Levantamient-b711b-ulo-y-registra-el-conflicto-webkit-iphone-emulado/trace.zip
    Usage:

        npx playwright show-trace test-results-webkit/levantamiento-Levantamient-b711b-ulo-y-registra-el-conflicto-webkit-iphone-emulado/trace.zip

    ────────────────────────────────────────────────────────────────────────────────────────────────

  5) [webkit-iphone-emulado] › e2e/levantamiento.spec.ts:210:3 › Levantamiento de inventario (FS-06 fase 2) › si otro dispositivo registró el artículo después de cargar la pantalla, el servidor rechaza el duplicado y muestra el motivo 

    Error: browserType.launch: 
    ╔══════════════════════════════════════════════════════╗
    ║ Host system is missing dependencies to run browsers. ║
    ║ Missing libraries:                                   ║
    ║     libGLESv2.so.2                                   ║
    ╚══════════════════════════════════════════════════════╝

    Error Context: test-results-webkit/levantamiento-Levantamient-a03fe-plicado-y-muestra-el-motivo-webkit-iphone-emulado/error-context.md

    attachment #2: trace (application/zip) ─────────────────────────────────────────────────────────
    test-results-webkit/levantamiento-Levantamient-a03fe-plicado-y-muestra-el-motivo-webkit-iphone-emulado/trace.zip
    Usage:

        npx playwright show-trace test-results-webkit/levantamiento-Levantamient-a03fe-plicado-y-muestra-el-motivo-webkit-iphone-emulado/trace.zip

    ────────────────────────────────────────────────────────────────────────────────────────────────

  6) [webkit-iphone-emulado] › e2e/levantamiento.spec.ts:222:3 › Levantamiento de inventario (FS-06 fase 2) › flujo completo: crear, contar con marca, finalizar, revisar impacto y aplicar 

    Error: browserType.launch: 
    ╔══════════════════════════════════════════════════════╗
    ║ Host system is missing dependencies to run browsers. ║
    ║ Missing libraries:                                   ║
    ║     libGLESv2.so.2                                   ║
    ╚══════════════════════════════════════════════════════╝

    Error Context: test-results-webkit/levantamiento-Levantamient-9d83f-r-revisar-impacto-y-aplicar-webkit-iphone-emulado/error-context.md

    attachment #2: trace (application/zip) ─────────────────────────────────────────────────────────
    test-results-webkit/levantamiento-Levantamient-9d83f-r-revisar-impacto-y-aplicar-webkit-iphone-emulado/trace.zip
    Usage:

        npx playwright show-trace test-results-webkit/levantamiento-Levantamient-9d83f-r-revisar-impacto-y-aplicar-webkit-iphone-emulado/trace.zip

    ────────────────────────────────────────────────────────────────────────────────────────────────

  7) [webkit-iphone-emulado] › e2e/levantamiento.spec.ts:251:3 › Levantamiento en teléfono › la captura cabe en el ancho del teléfono y registra un producto sin fotografía 

    Error: browserType.launch: 
    ╔══════════════════════════════════════════════════════╗
    ║ Host system is missing dependencies to run browsers. ║
    ║ Missing libraries:                                   ║
    ║     libGLESv2.so.2                                   ║
    ╚══════════════════════════════════════════════════════╝

    Error Context: test-results-webkit/levantamiento-Levantamient-8726a--un-producto-sin-fotografía-webkit-iphone-emulado/error-context.md

    attachment #2: trace (application/zip) ─────────────────────────────────────────────────────────
    test-results-webkit/levantamiento-Levantamient-8726a--un-producto-sin-fotografía-webkit-iphone-emulado/trace.zip
    Usage:

        npx playwright show-trace test-results-webkit/levantamiento-Levantamient-8726a--un-producto-sin-fotografía-webkit-iphone-emulado/trace.zip

    ────────────────────────────────────────────────────────────────────────────────────────────────

  8) [webkit-iphone-emulado] › e2e/productos-edicion.spec.ts:126:3 › Edición de productos (FS-07) › una edición parcial envía solo el nombre y la versión, sin tocar existencias ni precios 

    Error: browserType.launch: 
    ╔══════════════════════════════════════════════════════╗
    ║ Host system is missing dependencies to run browsers. ║
    ║ Missing libraries:                                   ║
    ║     libGLESv2.so.2                                   ║
    ╚══════════════════════════════════════════════════════╝

    Error Context: test-results-webkit/productos-edicion-Edición--c7254-ocar-existencias-ni-precios-webkit-iphone-emulado/error-context.md

    attachment #2: trace (application/zip) ─────────────────────────────────────────────────────────
    test-results-webkit/productos-edicion-Edición--c7254-ocar-existencias-ni-precios-webkit-iphone-emulado/trace.zip
    Usage:

        npx playwright show-trace test-results-webkit/productos-edicion-Edición--c7254-ocar-existencias-ni-precios-webkit-iphone-emulado/trace.zip

    ────────────────────────────────────────────────────────────────────────────────────────────────

  9) [webkit-iphone-emulado] › e2e/productos-edicion.spec.ts:140:3 › Edición de productos (FS-07) › cambiar costo pide confirmación; cancelar no envía nada y aceptar envía el costo 

    Error: browserType.launch: 
    ╔══════════════════════════════════════════════════════╗
    ║ Host system is missing dependencies to run browsers. ║
    ║ Missing libraries:                                   ║
    ║     libGLESv2.so.2                                   ║
    ╚══════════════════════════════════════════════════════╝

    Error Context: test-results-webkit/productos-edicion-Edición--944e4-da-y-aceptar-envía-el-costo-webkit-iphone-emulado/error-context.md

    attachment #2: trace (application/zip) ─────────────────────────────────────────────────────────
    test-results-webkit/productos-edicion-Edición--944e4-da-y-aceptar-envía-el-costo-webkit-iphone-emulado/trace.zip
    Usage:

        npx playwright show-trace test-results-webkit/productos-edicion-Edición--944e4-da-y-aceptar-envía-el-costo-webkit-iphone-emulado/trace.zip

    ────────────────────────────────────────────────────────────────────────────────────────────────

  10) [webkit-iphone-emulado] › e2e/productos-edicion.spec.ts:158:3 › Edición de productos (FS-07) › si otro usuario cambió el producto, el servidor rechaza la edición, no sobrescribe y recarga la lista 

    Error: browserType.launch: 
    ╔══════════════════════════════════════════════════════╗
    ║ Host system is missing dependencies to run browsers. ║
    ║ Missing libraries:                                   ║
    ║     libGLESv2.so.2                                   ║
    ╚══════════════════════════════════════════════════════╝

    Error Context: test-results-webkit/productos-edicion-Edición--ece52-rescribe-y-recarga-la-lista-webkit-iphone-emulado/error-context.md

    attachment #2: trace (application/zip) ─────────────────────────────────────────────────────────
    test-results-webkit/productos-edicion-Edición--ece52-rescribe-y-recarga-la-lista-webkit-iphone-emulado/trace.zip
    Usage:

        npx playwright show-trace test-results-webkit/productos-edicion-Edición--ece52-rescribe-y-recarga-la-lista-webkit-iphone-emulado/trace.zip

    ────────────────────────────────────────────────────────────────────────────────────────────────

  11) [webkit-iphone-emulado] › e2e/productos-edicion.spec.ts:173:3 › Edición de productos (FS-07) › un doble clic en Guardar envía una sola edición 

    Error: browserType.launch: 
    ╔══════════════════════════════════════════════════════╗
    ║ Host system is missing dependencies to run browsers. ║
    ║ Missing libraries:                                   ║
    ║     libGLESv2.so.2                                   ║
    ╚══════════════════════════════════════════════════════╝

    Error Context: test-results-webkit/productos-edicion-Edición--8a818-rdar-envía-una-sola-edición-webkit-iphone-emulado/error-context.md

    attachment #2: trace (application/zip) ─────────────────────────────────────────────────────────
    test-results-webkit/productos-edicion-Edición--8a818-rdar-envía-una-sola-edición-webkit-iphone-emulado/trace.zip
    Usage:

        npx playwright show-trace test-results-webkit/productos-edicion-Edición--8a818-rdar-envía-una-sola-edición-webkit-iphone-emulado/trace.zip

    ────────────────────────────────────────────────────────────────────────────────────────────────

  12) [webkit-iphone-emulado] › e2e/productos-edicion.spec.ts:185:3 › Edición de productos (FS-07) › un fallo de red no pierde el formulario y el reintento usa la misma versión 

    Error: browserType.launch: 
    ╔══════════════════════════════════════════════════════╗
    ║ Host system is missing dependencies to run browsers. ║
    ║ Missing libraries:                                   ║
    ║     libGLESv2.so.2                                   ║
    ╚══════════════════════════════════════════════════════╝

    Error Context: test-results-webkit/productos-edicion-Edición--37f45-ntento-usa-la-misma-versión-webkit-iphone-emulado/error-context.md

    attachment #2: trace (application/zip) ─────────────────────────────────────────────────────────
    test-results-webkit/productos-edicion-Edición--37f45-ntento-usa-la-misma-versión-webkit-iphone-emulado/trace.zip
    Usage:

        npx playwright show-trace test-results-webkit/productos-edicion-Edición--37f45-ntento-usa-la-misma-versión-webkit-iphone-emulado/trace.zip

    ────────────────────────────────────────────────────────────────────────────────────────────────

  13) [webkit-iphone-emulado] › e2e/productos-edicion.spec.ts:201:3 › Edición de productos (FS-07) › cambiar existencias exige motivo antes de enviar 

    Error: browserType.launch: 
    ╔══════════════════════════════════════════════════════╗
    ║ Host system is missing dependencies to run browsers. ║
    ║ Missing libraries:                                   ║
    ║     libGLESv2.so.2                                   ║
    ╚══════════════════════════════════════════════════════╝

    Error Context: test-results-webkit/productos-edicion-Edición--3af6e-xige-motivo-antes-de-enviar-webkit-iphone-emulado/error-context.md

    attachment #2: trace (application/zip) ─────────────────────────────────────────────────────────
    test-results-webkit/productos-edicion-Edición--3af6e-xige-motivo-antes-de-enviar-webkit-iphone-emulado/trace.zip
    Usage:

        npx playwright show-trace test-results-webkit/productos-edicion-Edición--3af6e-xige-motivo-antes-de-enviar-webkit-iphone-emulado/trace.zip

    ────────────────────────────────────────────────────────────────────────────────────────────────

  14) [webkit-iphone-emulado] › e2e/productos-edicion.spec.ts:217:3 › Edición de productos (FS-07) › reactivar un producto inactivo: se muestra al activar la opción y se envía activo=true tras confirmar 

    Error: browserType.launch: 
    ╔══════════════════════════════════════════════════════╗
    ║ Host system is missing dependencies to run browsers. ║
    ║ Missing libraries:                                   ║
    ║     libGLESv2.so.2                                   ║
    ╚══════════════════════════════════════════════════════╝

    Error Context: test-results-webkit/productos-edicion-Edición--6741c--activo-true-tras-confirmar-webkit-iphone-emulado/error-context.md

    attachment #2: trace (application/zip) ─────────────────────────────────────────────────────────
    test-results-webkit/productos-edicion-Edición--6741c--activo-true-tras-confirmar-webkit-iphone-emulado/trace.zip
    Usage:

        npx playwright show-trace test-results-webkit/productos-edicion-Edición--6741c--activo-true-tras-confirmar-webkit-iphone-emulado/trace.zip

    ────────────────────────────────────────────────────────────────────────────────────────────────

  15) [webkit-iphone-emulado] › e2e/productos-edicion.spec.ts:231:3 › Edición de productos (FS-07) › la edición cabe en un teléfono sin desbordamiento horizontal 

    Error: browserType.launch: 
    ╔══════════════════════════════════════════════════════╗
    ║ Host system is missing dependencies to run browsers. ║
    ║ Missing libraries:                                   ║
    ║     libGLESv2.so.2                                   ║
    ╚══════════════════════════════════════════════════════╝

    Error Context: test-results-webkit/productos-edicion-Edición--0ec13-n-desbordamiento-horizontal-webkit-iphone-emulado/error-context.md

    attachment #2: trace (application/zip) ─────────────────────────────────────────────────────────
    test-results-webkit/productos-edicion-Edición--0ec13-n-desbordamiento-horizontal-webkit-iphone-emulado/trace.zip
    Usage:

        npx playwright show-trace test-results-webkit/productos-edicion-Edición--0ec13-n-desbordamiento-horizontal-webkit-iphone-emulado/trace.zip

    ────────────────────────────────────────────────────────────────────────────────────────────────

  16) [webkit-iphone-emulado] › e2e/productos-edicion.spec.ts:246:5 › Inventario para entrega al cliente / API simulada › alta sencilla con decimales, variantes y doble clic en SIDEBAR 

    Error: browserType.launch: 
    ╔══════════════════════════════════════════════════════╗
    ║ Host system is missing dependencies to run browsers. ║
    ║ Missing libraries:                                   ║
    ║     libGLESv2.so.2                                   ║
    ╚══════════════════════════════════════════════════════╝

    Error Context: test-results-webkit/productos-edicion-Inventar-c5355-tes-y-doble-clic-en-SIDEBAR-webkit-iphone-emulado/error-context.md

    attachment #2: trace (application/zip) ─────────────────────────────────────────────────────────
    test-results-webkit/productos-edicion-Inventar-c5355-tes-y-doble-clic-en-SIDEBAR-webkit-iphone-emulado/trace.zip
    Usage:

        npx playwright show-trace test-results-webkit/productos-edicion-Inventar-c5355-tes-y-doble-clic-en-SIDEBAR-webkit-iphone-emulado/trace.zip

    ────────────────────────────────────────────────────────────────────────────────────────────────

  17) [webkit-iphone-emulado] › e2e/productos-edicion.spec.ts:246:5 › Inventario para entrega al cliente / API simulada › alta sencilla con decimales, variantes y doble clic en TOPNAV 

    Error: browserType.launch: 
    ╔══════════════════════════════════════════════════════╗
    ║ Host system is missing dependencies to run browsers. ║
    ║ Missing libraries:                                   ║
    ║     libGLESv2.so.2                                   ║
    ╚══════════════════════════════════════════════════════╝

    Error Context: test-results-webkit/productos-edicion-Inventar-9092f-ntes-y-doble-clic-en-TOPNAV-webkit-iphone-emulado/error-context.md

    attachment #2: trace (application/zip) ─────────────────────────────────────────────────────────
    test-results-webkit/productos-edicion-Inventar-9092f-ntes-y-doble-clic-en-TOPNAV-webkit-iphone-emulado/trace.zip
    Usage:

        npx playwright show-trace test-results-webkit/productos-edicion-Inventar-9092f-ntes-y-doble-clic-en-TOPNAV-webkit-iphone-emulado/trace.zip

    ────────────────────────────────────────────────────────────────────────────────────────────────

  18) [webkit-iphone-emulado] › e2e/productos-edicion.spec.ts:268:3 › Inventario para entrega al cliente / API simulada › respuesta perdida y recarga: confirma la misma alta sin crear otro producto 

    Error: browserType.launch: 
    ╔══════════════════════════════════════════════════════╗
    ║ Host system is missing dependencies to run browsers. ║
    ║ Missing libraries:                                   ║
    ║     libGLESv2.so.2                                   ║
    ╚══════════════════════════════════════════════════════╝

    Error Context: test-results-webkit/productos-edicion-Inventar-d5787-lta-sin-crear-otro-producto-webkit-iphone-emulado/error-context.md

    attachment #2: trace (application/zip) ─────────────────────────────────────────────────────────
    test-results-webkit/productos-edicion-Inventar-d5787-lta-sin-crear-otro-producto-webkit-iphone-emulado/trace.zip
    Usage:

        npx playwright show-trace test-results-webkit/productos-edicion-Inventar-d5787-lta-sin-crear-otro-producto-webkit-iphone-emulado/trace.zip

    ────────────────────────────────────────────────────────────────────────────────────────────────

  19) [webkit-iphone-emulado] › e2e/productos-edicion.spec.ts:285:3 › Inventario para entrega al cliente / API simulada › código de barras duplicado muestra el error y conserva el formulario 

    Error: browserType.launch: 
    ╔══════════════════════════════════════════════════════╗
    ║ Host system is missing dependencies to run browsers. ║
    ║ Missing libraries:                                   ║
    ║     libGLESv2.so.2                                   ║
    ╚══════════════════════════════════════════════════════╝

    Error Context: test-results-webkit/productos-edicion-Inventar-47a55-or-y-conserva-el-formulario-webkit-iphone-emulado/error-context.md

    attachment #2: trace (application/zip) ─────────────────────────────────────────────────────────
    test-results-webkit/productos-edicion-Inventar-47a55-or-y-conserva-el-formulario-webkit-iphone-emulado/trace.zip
    Usage:

        npx playwright show-trace test-results-webkit/productos-edicion-Inventar-47a55-or-y-conserva-el-formulario-webkit-iphone-emulado/trace.zip

    ────────────────────────────────────────────────────────────────────────────────────────────────

  20) [webkit-iphone-emulado] › e2e/productos-edicion.spec.ts:300:3 › Inventario para entrega al cliente / API simulada › buscar por categoría real y descripción filtra el catálogo 

    Error: browserType.launch: 
    ╔══════════════════════════════════════════════════════╗
    ║ Host system is missing dependencies to run browsers. ║
    ║ Missing libraries:                                   ║
    ║     libGLESv2.so.2                                   ║
    ╚══════════════════════════════════════════════════════╝

    Error Context: test-results-webkit/productos-edicion-Inventar-056df-cripción-filtra-el-catálogo-webkit-iphone-emulado/error-context.md

    attachment #2: trace (application/zip) ─────────────────────────────────────────────────────────
    test-results-webkit/productos-edicion-Inventar-056df-cripción-filtra-el-catálogo-webkit-iphone-emulado/trace.zip
    Usage:

        npx playwright show-trace test-results-webkit/productos-edicion-Inventar-056df-cripción-filtra-el-catálogo-webkit-iphone-emulado/trace.zip

    ────────────────────────────────────────────────────────────────────────────────────────────────

  21) [webkit-iphone-emulado] › e2e/productos-edicion.spec.ts:315:3 › Inventario para entrega al cliente / API simulada › una recepción mientras el formulario está abierto impide un ajuste obsoleto 

    Error: browserType.launch: 
    ╔══════════════════════════════════════════════════════╗
    ║ Host system is missing dependencies to run browsers. ║
    ║ Missing libraries:                                   ║
    ║     libGLESv2.so.2                                   ║
    ╚══════════════════════════════════════════════════════╝

    Error Context: test-results-webkit/productos-edicion-Inventar-b7b5c-o-impide-un-ajuste-obsoleto-webkit-iphone-emulado/error-context.md

    attachment #2: trace (application/zip) ─────────────────────────────────────────────────────────
    test-results-webkit/productos-edicion-Inventar-b7b5c-o-impide-un-ajuste-obsoleto-webkit-iphone-emulado/trace.zip
    Usage:

        npx playwright show-trace test-results-webkit/productos-edicion-Inventar-b7b5c-o-impide-un-ajuste-obsoleto-webkit-iphone-emulado/trace.zip

    ────────────────────────────────────────────────────────────────────────────────────────────────

  22) [webkit-iphone-emulado] › e2e/productos-edicion.spec.ts:328:3 › Inventario para entrega al cliente / API simulada › cámara denegada conserva la captura manual, sin envío automático 

    Error: browserType.launch: 
    ╔══════════════════════════════════════════════════════╗
    ║ Host system is missing dependencies to run browsers. ║
    ║ Missing libraries:                                   ║
    ║     libGLESv2.so.2                                   ║
    ╚══════════════════════════════════════════════════════╝

    Error Context: test-results-webkit/productos-edicion-Inventar-ffe07-manual-sin-envío-automático-webkit-iphone-emulado/error-context.md

    attachment #2: trace (application/zip) ─────────────────────────────────────────────────────────
    test-results-webkit/productos-edicion-Inventar-ffe07-manual-sin-envío-automático-webkit-iphone-emulado/trace.zip
    Usage:

        npx playwright show-trace test-results-webkit/productos-edicion-Inventar-ffe07-manual-sin-envío-automático-webkit-iphone-emulado/trace.zip

    ────────────────────────────────────────────────────────────────────────────────────────────────

  23) [webkit-iphone-emulado] › e2e/productos-edicion.spec.ts:349:3 › Inventario para entrega al cliente / API simulada › alta y cámara muestran textos en inglés 

    Error: browserType.launch: 
    ╔══════════════════════════════════════════════════════╗
    ║ Host system is missing dependencies to run browsers. ║
    ║ Missing libraries:                                   ║
    ║     libGLESv2.so.2                                   ║
    ╚══════════════════════════════════════════════════════╝

    Error Context: test-results-webkit/productos-edicion-Inventar-99b26-a-muestran-textos-en-inglés-webkit-iphone-emulado/error-context.md

    attachment #2: trace (application/zip) ─────────────────────────────────────────────────────────
    test-results-webkit/productos-edicion-Inventar-99b26-a-muestran-textos-en-inglés-webkit-iphone-emulado/trace.zip
    Usage:

        npx playwright show-trace test-results-webkit/productos-edicion-Inventar-99b26-a-muestran-textos-en-inglés-webkit-iphone-emulado/trace.zip

    ────────────────────────────────────────────────────────────────────────────────────────────────

  23 failed
    [webkit-iphone-emulado] › e2e/levantamiento.spec.ts:154:3 › Levantamiento de inventario (FS-06 fase 2) › crear levantamiento: un fallo de red conserva la clave y el reintento no duplica el levantamiento 
    [webkit-iphone-emulado] › e2e/levantamiento.spec.ts:168:3 › Levantamiento de inventario (FS-06 fase 2) › contar: un envío perdido queda pendiente, se confirma sin duplicar y el guardado es visible 
    [webkit-iphone-emulado] › e2e/levantamiento.spec.ts:182:3 › Levantamiento de inventario (FS-06 fase 2) › advierte antes de guardar un artículo ya contado por el mismo empleado y permite editar el conteo anterior 
    [webkit-iphone-emulado] › e2e/levantamiento.spec.ts:197:3 › Levantamiento de inventario (FS-06 fase 2) › avisa, sin bloquear, cuando otro empleado ya contó el artículo y registra el conflicto 
    [webkit-iphone-emulado] › e2e/levantamiento.spec.ts:210:3 › Levantamiento de inventario (FS-06 fase 2) › si otro dispositivo registró el artículo después de cargar la pantalla, el servidor rechaza el duplicado y muestra el motivo 
    [webkit-iphone-emulado] › e2e/levantamiento.spec.ts:222:3 › Levantamiento de inventario (FS-06 fase 2) › flujo completo: crear, contar con marca, finalizar, revisar impacto y aplicar 
    [webkit-iphone-emulado] › e2e/levantamiento.spec.ts:251:3 › Levantamiento en teléfono › la captura cabe en el ancho del teléfono y registra un producto sin fotografía 
    [webkit-iphone-emulado] › e2e/productos-edicion.spec.ts:126:3 › Edición de productos (FS-07) › una edición parcial envía solo el nombre y la versión, sin tocar existencias ni precios 
    [webkit-iphone-emulado] › e2e/productos-edicion.spec.ts:140:3 › Edición de productos (FS-07) › cambiar costo pide confirmación; cancelar no envía nada y aceptar envía el costo 
    [webkit-iphone-emulado] › e2e/productos-edicion.spec.ts:158:3 › Edición de productos (FS-07) › si otro usuario cambió el producto, el servidor rechaza la edición, no sobrescribe y recarga la lista 
    [webkit-iphone-emulado] › e2e/productos-edicion.spec.ts:173:3 › Edición de productos (FS-07) › un doble clic en Guardar envía una sola edición 
    [webkit-iphone-emulado] › e2e/productos-edicion.spec.ts:185:3 › Edición de productos (FS-07) › un fallo de red no pierde el formulario y el reintento usa la misma versión 
    [webkit-iphone-emulado] › e2e/productos-edicion.spec.ts:201:3 › Edición de productos (FS-07) › cambiar existencias exige motivo antes de enviar 
    [webkit-iphone-emulado] › e2e/productos-edicion.spec.ts:217:3 › Edición de productos (FS-07) › reactivar un producto inactivo: se muestra al activar la opción y se envía activo=true tras confirmar 
    [webkit-iphone-emulado] › e2e/productos-edicion.spec.ts:231:3 › Edición de productos (FS-07) › la edición cabe en un teléfono sin desbordamiento horizontal 
    [webkit-iphone-emulado] › e2e/productos-edicion.spec.ts:246:5 › Inventario para entrega al cliente / API simulada › alta sencilla con decimales, variantes y doble clic en SIDEBAR 
    [webkit-iphone-emulado] › e2e/productos-edicion.spec.ts:246:5 › Inventario para entrega al cliente / API simulada › alta sencilla con decimales, variantes y doble clic en TOPNAV 
    [webkit-iphone-emulado] › e2e/productos-edicion.spec.ts:268:3 › Inventario para entrega al cliente / API simulada › respuesta perdida y recarga: confirma la misma alta sin crear otro producto 
    [webkit-iphone-emulado] › e2e/productos-edicion.spec.ts:285:3 › Inventario para entrega al cliente / API simulada › código de barras duplicado muestra el error y conserva el formulario 
    [webkit-iphone-emulado] › e2e/productos-edicion.spec.ts:300:3 › Inventario para entrega al cliente / API simulada › buscar por categoría real y descripción filtra el catálogo 
    [webkit-iphone-emulado] › e2e/productos-edicion.spec.ts:315:3 › Inventario para entrega al cliente / API simulada › una recepción mientras el formulario está abierto impide un ajuste obsoleto 
    [webkit-iphone-emulado] › e2e/productos-edicion.spec.ts:328:3 › Inventario para entrega al cliente / API simulada › cámara denegada conserva la captura manual, sin envío automático 
    [webkit-iphone-emulado] › e2e/productos-edicion.spec.ts:349:3 › Inventario para entrega al cliente / API simulada › alta y cámara muestran textos en inglés 
