(!) Your Vite config uses features that are unsupported by `configLoader: 'native'`, which is planned to become the default in a future major version of Vite:
  - ESM syntax in a file loaded as CommonJS (vitest.config.integration.ts:1:1). Use a `.mjs` extension or set `"type": "module"` in the closest package.json
Set `VITE_CONFIG_NATIVE_IGNORE_WARNING=true` to suppress this warning.
The plugin "vite-tsconfig-paths" is detected. Vite now supports tsconfig paths resolution natively via the resolve.tsconfigPaths option. You can remove the plugin and set resolve.tsconfigPaths: true in your Vite config instead.

 RUN  v4.1.11 /home/user/atlas-verify-wt/backend

 ❯ test/ciclo-ventas.postgres.integration.ts (17 tests | 1 failed | 16 skipped) 36122ms
     × Chromium real: conversión por transferencia y POS con tarjeta usan el método elegido 34146ms

⎯⎯⎯⎯⎯⎯⎯ Failed Tests 1 ⎯⎯⎯⎯⎯⎯⎯

 FAIL  test/ciclo-ventas.postgres.integration.ts > Ciclo de ventas / HTTP y PostgreSQL aislado > Chromium real: conversión por transferencia y POS con tarjeta usan el método elegido
Error: Command failed: /opt/node22/bin/node /home/user/atlas-verify-wt/backend/test/real-ciclo-ventas-browser.mjs
node:internal/process/promises:394
    triggerUncaughtException(err, true /* fromPromise */);
    ^

page.waitForResponse: Timeout 30000ms exceeded while waiting for event "response"
    at /home/user/atlas-verify-wt/backend/test/real-ciclo-ventas-browser.mjs:27:27 {
  log: [],
  name: 'TimeoutError'
}

Node.js v22.22.0

⎯⎯⎯⎯⎯⎯⎯⎯⎯⎯⎯⎯⎯⎯⎯⎯⎯⎯⎯⎯⎯⎯⎯⎯[1/1]⎯


 Test Files  1 failed (1)
      Tests  1 failed | 16 skipped (17)
   Start at  00:12:01
   Duration  37.35s (transform 589ms, setup 0ms, import 1.09s, tests 36.12s, environment 0ms)

