
> backend@0.0.1 test
> vitest run

(!) Your Vite config uses features that are unsupported by `configLoader: 'native'`, which is planned to become the default in a future major version of Vite:
  - ESM syntax in a file loaded as CommonJS (vitest.config.ts:1:1). Use a `.mjs` extension or set `"type": "module"` in the closest package.json
Set `VITE_CONFIG_NATIVE_IGNORE_WARNING=true` to suppress this warning.
The plugin "vite-tsconfig-paths" is detected. Vite now supports tsconfig paths resolution natively via the resolve.tsconfigPaths option. You can remove the plugin and set resolve.tsconfigPaths: true in your Vite config instead.

 RUN  v4.1.11 /workspace/FerreSystem/backend

[Nest] 1467  - 10/10/2026, 4:49:04 AM   ERROR [SupportAuditInterceptor] No se pudo registrar el error de soporte: db caída
[Nest] 1467  - 10/10/2026, 4:49:04 AM   ERROR [ExceptionsHandler] Error: db caída
    at /workspace/FerreSystem/backend/src/common/support-impersonation.http.spec.ts:97:56
    at file:///workspace/FerreSystem/backend/node_modules/@vitest/runner/dist/chunk-artifact.js:302:11
    at file:///workspace/FerreSystem/backend/node_modules/@vitest/runner/dist/chunk-artifact.js:1903:26
    at file:///workspace/FerreSystem/backend/node_modules/@vitest/runner/dist/chunk-artifact.js:2326:20
    at new Promise (<anonymous>)
    at runWithCancel (file:///workspace/FerreSystem/backend/node_modules/@vitest/runner/dist/chunk-artifact.js:2323:10)
    at file:///workspace/FerreSystem/backend/node_modules/@vitest/runner/dist/chunk-artifact.js:2305:20
    at new Promise (<anonymous>)
    at runWithTimeout (file:///workspace/FerreSystem/backend/node_modules/@vitest/runner/dist/chunk-artifact.js:2272:10)
    at file:///workspace/FerreSystem/backend/node_modules/@vitest/runner/dist/chunk-artifact.js:2956:64
[Nest] 1467  - 10/10/2026, 4:49:04 AM   ERROR [ExceptionsHandler] Error: x
    at /workspace/FerreSystem/backend/src/common/support-impersonation.http.spec.ts:103:51
    at file:///workspace/FerreSystem/backend/node_modules/@vitest/runner/dist/chunk-artifact.js:302:11
    at file:///workspace/FerreSystem/backend/node_modules/@vitest/runner/dist/chunk-artifact.js:1903:26
    at file:///workspace/FerreSystem/backend/node_modules/@vitest/runner/dist/chunk-artifact.js:2326:20
    at new Promise (<anonymous>)
    at runWithCancel (file:///workspace/FerreSystem/backend/node_modules/@vitest/runner/dist/chunk-artifact.js:2323:10)
    at file:///workspace/FerreSystem/backend/node_modules/@vitest/runner/dist/chunk-artifact.js:2305:20
    at new Promise (<anonymous>)
    at runWithTimeout (file:///workspace/FerreSystem/backend/node_modules/@vitest/runner/dist/chunk-artifact.js:2272:10)
    at file:///workspace/FerreSystem/backend/node_modules/@vitest/runner/dist/chunk-artifact.js:2956:64 {
  status: 409
}
[Nest] 1942  - 10/10/2026, 4:49:09 AM   ERROR [ClientesService] Numeración de clientes no disponible (P2002). Verificar la migración 20261002000000_add_customer_numbers y el trigger clientes_assign_number.
[Nest] 1942  - 10/10/2026, 4:49:09 AM   ERROR [ClientesService] Numeración de clientes no disponible (P2022). Verificar la migración 20261002000000_add_customer_numbers y el trigger clientes_assign_number.
[Nest] 1942  - 10/10/2026, 4:49:09 AM   ERROR [ClientesService] Numeración de clientes no disponible (P2004). Verificar la migración 20261002000000_add_customer_numbers y el trigger clientes_assign_number.

 Test Files  34 passed (34)
      Tests  329 passed (329)
   Start at  04:48:58
   Duration  12.02s (transform 1.91s, setup 0ms, import 16.61s, tests 12.90s, environment 3ms)

npm notice
npm notice New major version of npm available! 11.9.0 -> 12.2.0
npm notice Changelog: https://github.com/npm/cli/releases/tag/v12.2.0
npm notice To update run: npm install -g npm@12.2.0
npm notice
