
> backend@0.0.1 test:integration
> vitest run --config ./vitest.config.integration.ts test/ciclo-ventas.postgres.integration.ts -t QA-CLI-001

(!) Your Vite config uses features that are unsupported by `configLoader: 'native'`, which is planned to become the default in a future major version of Vite:
  - ESM syntax in a file loaded as CommonJS (vitest.config.integration.ts:1:1). Use a `.mjs` extension or set `"type": "module"` in the closest package.json
Set `VITE_CONFIG_NATIVE_IGNORE_WARNING=true` to suppress this warning.
The plugin "vite-tsconfig-paths" is detected. Vite now supports tsconfig paths resolution natively via the resolve.tsconfigPaths option. You can remove the plugin and set resolve.tsconfigPaths: true in your Vite config instead.

 RUN  v4.1.11 /workspace/FerreSystem/backend

 ❯ test/ciclo-ventas.postgres.integration.ts (16 tests | 1 failed | 15 skipped) 959ms
     × QA-CLI-001: editar nombre de cliente con null debe responder 400, no 500 106ms

⎯⎯⎯⎯⎯⎯⎯ Failed Tests 1 ⎯⎯⎯⎯⎯⎯⎯

 FAIL  test/ciclo-ventas.postgres.integration.ts > Ciclo de ventas / HTTP y PostgreSQL aislado > QA-CLI-001: editar nombre de cliente con null debe responder 400, no 500
Error: expected 400 "Bad Request", got 500 "Internal Server Error"
 ❯ test/ciclo-ventas.postgres.integration.ts:338:72
    336|   it('QA-CLI-001: editar nombre de cliente con null debe responder 400…
    337|     const client = await http('post', '/clientes', { nombre: 'Cliente …
    338|     await http('put', `/clientes/${client.body.id}`, { nombre: null })…
       |                                                                        ^
    339|   });
    340|
 ❯ Test._assertStatus node_modules/supertest/lib/test.js:376:14
 ❯ node_modules/supertest/lib/test.js:432:13
 ❯ Test._assertFunction node_modules/supertest/lib/test.js:409:13
 ❯ Test.assert node_modules/supertest/lib/test.js:274:23
 ❯ localAssert node_modules/supertest/lib/test.js:196:38
 ❯ finish node_modules/supertest/lib/test.js:209:7
 ❯ fn node_modules/superagent/src/node/index.js:1196:2
 ❯ callback node_modules/superagent/src/node/index.js:1552:17
 ❯ fn node_modules/superagent/src/node/parsers/json.js:24:6

⎯⎯⎯⎯⎯⎯⎯⎯⎯⎯⎯⎯⎯⎯⎯⎯⎯⎯⎯⎯⎯⎯⎯⎯[1/1]⎯


 Test Files  1 failed (1)
      Tests  1 failed | 15 skipped (16)
   Start at  04:52:36
   Duration  1.80s (transform 267ms, setup 0ms, import 709ms, tests 959ms, environment 0ms)

npm notice
npm notice New major version of npm available! 11.9.0 -> 12.2.0
npm notice Changelog: https://github.com/npm/cli/releases/tag/v12.2.0
npm notice To update run: npm install -g npm@12.2.0
npm notice
