
> frontend@0.0.0 build
> tsc -b && vite build

vite v8.3.1 building client environment for production...
transforming...
✓ 2365 modules transformed.
rendering chunks...
computing gzip size...
dist/index.html                                1.35 kB │ gzip:   0.64 kB
dist/assets/ArqueoCajaPage-B_NKlZHC.css        0.77 kB │ gzip:   0.42 kB
dist/assets/POSPage-CjD5O9Sm.css               1.14 kB │ gzip:   0.46 kB
dist/assets/OperacionesPage-BXa_nbhv.css       1.31 kB │ gzip:   0.51 kB
dist/assets/index-CC8Y77NE.css                13.20 kB │ gzip:   3.11 kB
dist/assets/OrdenesCompraPage-BbShUOZd.js      0.18 kB │ gzip:   0.16 kB
dist/assets/plus-BIu4PA0g.js                   0.19 kB │ gzip:   0.17 kB
dist/assets/circle-check-B_EaB8LJ.js           0.24 kB │ gzip:   0.21 kB
dist/assets/mail-Cloqzi7K.js                   0.25 kB │ gzip:   0.22 kB
dist/assets/circle-check-big-CrvKG1OR.js       0.25 kB │ gzip:   0.22 kB
dist/assets/generatePassword-BHL_7Koo.js       0.26 kB │ gzip:   0.24 kB
dist/assets/circle-x-BCmUr5fB.js               0.26 kB │ gzip:   0.21 kB
dist/assets/download-SxcdQ4hf.js               0.26 kB │ gzip:   0.21 kB
dist/assets/panels-top-left-Q6imQ7IE.js        0.28 kB │ gzip:   0.23 kB
dist/assets/pen-vDMrOwoG.js                    0.29 kB │ gzip:   0.24 kB
dist/assets/circle-alert-CoeKLDuM.js           0.31 kB │ gzip:   0.22 kB
dist/assets/coins-B7NkKOQT.js                  0.32 kB │ gzip:   0.25 kB
dist/assets/triangle-alert-D6bSKK2J.js         0.32 kB │ gzip:   0.25 kB
dist/assets/requestId-BVRCCgdi.js              0.33 kB │ gzip:   0.23 kB
dist/assets/refresh-cw-8y3Uw-aF.js             0.35 kB │ gzip:   0.25 kB
dist/assets/file-text-BOtzJxLV.js              0.42 kB │ gzip:   0.27 kB
dist/assets/numeroCliente-DtpIJFwR.js          0.45 kB │ gzip:   0.32 kB
dist/assets/receipt-BMqEq_Kp.js                0.69 kB │ gzip:   0.31 kB
dist/assets/csvExport-DzcgKtg3.js              0.69 kB │ gzip:   0.44 kB
dist/assets/AuditoriaPage-CuPYWCJh.js          2.98 kB │ gzip:   1.30 kB
dist/assets/ComisionesPage-BKTEECRi.js         3.56 kB │ gzip:   1.44 kB
dist/assets/BarcodeScanner-CfK4zdgw.js         4.26 kB │ gzip:   1.93 kB
dist/assets/LoginPage-CwNJDT57.js              4.67 kB │ gzip:   2.01 kB
dist/assets/ReportesPage-Bdrz89Mq.js           4.67 kB │ gzip:   1.35 kB
dist/assets/DashboardPage-5GI1stMB.js          6.35 kB │ gzip:   2.26 kB
dist/assets/ArqueoCajaPage-BaKZOfWO.js        11.64 kB │ gzip:   3.29 kB
dist/assets/OperacionesPage-D1dXRhEy.js       12.24 kB │ gzip:   3.89 kB
dist/assets/DevolucionesPage-BKY_Jufl.js      15.32 kB │ gzip:   4.94 kB
dist/assets/UsuariosPage-Q9g7zL6B.js          16.53 kB │ gzip:   4.54 kB
dist/assets/ClientesPage-v5vVD9d_.js          18.15 kB │ gzip:   5.07 kB
dist/assets/ConfiguracionPage-flfVUgJ1.js     20.20 kB │ gzip:   5.26 kB
dist/assets/LevantamientoPage-B4-sTQev.js     22.16 kB │ gzip:   6.59 kB
dist/assets/POSPage-Czx1nh8n.js               30.79 kB │ gzip:   9.08 kB
dist/assets/CotizacionesPage--q6YWZjS.js      51.36 kB │ gzip:  11.27 kB
dist/assets/SuperAdminPage-Dl8axUto.js        57.16 kB │ gzip:  12.03 kB
dist/assets/InventarioPage-Clv6OTtZ.js        57.23 kB │ gzip:  17.30 kB
dist/assets/TenantContext-DKGZbVmX.js        114.59 kB │ gzip:  40.31 kB
dist/assets/TopBar-BhCJePWw.js               120.02 kB │ gzip:  44.05 kB
dist/assets/index-D3qsVIK0.js                266.13 kB │ gzip:  81.14 kB
dist/assets/zxingDecoder-D-YVjW1c.js         452.26 kB │ gzip: 119.55 kB
dist/assets/ClientePicker-Cue2Kqsm.js      1,209.37 kB │ gzip: 446.73 kB

[plugin builtin:vite-reporter] 
(!) Some chunks are larger than 500 kB after minification. Consider:
- Using dynamic import() to code-split the application
- Use build.rolldownOptions.output.codeSplitting to improve chunking: https://rolldown.rs/reference/OutputOptions.codeSplitting
- Adjust chunk size limit for this warning via build.chunkSizeWarningLimit.
✓ built in 778ms
npm notice
npm notice New major version of npm available! 11.9.0 -> 12.2.0
npm notice Changelog: https://github.com/npm/cli/releases/tag/v12.2.0
npm notice To update run: npm install -g npm@12.2.0
npm notice
