Warning: Ignoring extra certs from `/root/.ccr/ca-bundle.crt`, load failed: error:8000000D:system library::Permission denied
(!) Your Vite config uses features that are unsupported by `configLoader: 'native'`, which is planned to become the default in a future major version of Vite:
  - ESM syntax in a file loaded as CommonJS (vitest.config.integration.ts:1:1). Use a `.mjs` extension or set `"type": "module"` in the closest package.json
Set `VITE_CONFIG_NATIVE_IGNORE_WARNING=true` to suppress this warning.
The plugin "vite-tsconfig-paths" is detected. Vite now supports tsconfig paths resolution natively via the resolve.tsconfigPaths option. You can remove the plugin and set resolve.tsconfigPaths: true in your Vite config instead.

 RUN  v4.1.11 /home/user/nexus-audit-wt/backend

psql:/home/user/nexus-audit-wt/backend/prisma/migrations/20261004000000_operacion_ferreteria/migration.sql:45: NOTICE:  relation "proveedores" already exists, skipping
psql:/home/user/nexus-audit-wt/backend/prisma/migrations/20261004000000_operacion_ferreteria/migration.sql:46: NOTICE:  relation "proveedores_tenant_id_idx" already exists, skipping
psql:/home/user/nexus-audit-wt/backend/prisma/migrations/20261004000000_operacion_ferreteria/migration.sql:47: NOTICE:  relation "proveedores_tenant_id_nombre_idx" already exists, skipping
psql:/home/user/nexus-audit-wt/backend/prisma/migrations/20261004000000_operacion_ferreteria/migration.sql:65: NOTICE:  relation "ordenes_compra" already exists, skipping
psql:/home/user/nexus-audit-wt/backend/prisma/migrations/20261004000000_operacion_ferreteria/migration.sql:66: NOTICE:  relation "ordenes_compra_tenant_id_codigo_key" already exists, skipping
psql:/home/user/nexus-audit-wt/backend/prisma/migrations/20261004000000_operacion_ferreteria/migration.sql:67: NOTICE:  relation "ordenes_compra_tenant_id_idx" already exists, skipping
psql:/home/user/nexus-audit-wt/backend/prisma/migrations/20261004000000_operacion_ferreteria/migration.sql:68: NOTICE:  relation "ordenes_compra_tenant_id_estado_idx" already exists, skipping
psql:/home/user/nexus-audit-wt/backend/prisma/migrations/20261004000000_operacion_ferreteria/migration.sql:77: NOTICE:  relation "detalles_orden_compra" already exists, skipping
psql:/home/user/nexus-audit-wt/backend/prisma/migrations/20261004000000_operacion_ferreteria/migration.sql:78: NOTICE:  relation "detalles_orden_compra_orden_id_idx" already exists, skipping
psql:/home/user/nexus-audit-wt/backend/prisma/migrations/20261004000000_operacion_ferreteria/migration.sql:129: NOTICE:  relation "cajas" already exists, skipping
psql:/home/user/nexus-audit-wt/backend/prisma/migrations/20261004000000_operacion_ferreteria/migration.sql:130: NOTICE:  relation "cajas_tenant_id_codigo_key" already exists, skipping
psql:/home/user/nexus-audit-wt/backend/prisma/migrations/20261004000000_operacion_ferreteria/migration.sql:131: NOTICE:  relation "cajas_tenant_id_estado_idx" already exists, skipping
psql:/home/user/nexus-audit-wt/backend/prisma/migrations/20261004000000_operacion_ferreteria/migration.sql:132: NOTICE:  relation "cajas_tenant_id_usuario_id_idx" already exists, skipping
psql:/home/user/nexus-audit-wt/backend/prisma/migrations/20261004000000_operacion_ferreteria/migration.sql:143: NOTICE:  relation "movimientos_caja" already exists, skipping
psql:/home/user/nexus-audit-wt/backend/prisma/migrations/20261004000000_operacion_ferreteria/migration.sql:144: NOTICE:  relation "movimientos_caja_caja_id_idx" already exists, skipping
psql:/home/user/nexus-audit-wt/backend/prisma/migrations/20261011000000_pos_contingencia_offline/migration.sql:102: NOTICE:  identifier "operaciones_contingencia_tenant_id_dispositivo_id_secuencia_local_idx" will be truncated to "operaciones_contingencia_tenant_id_dispositivo_id_secuencia_loc"
[31m[Nest] 659  - [39m10/10/2026, 11:10:29 PM [31m  ERROR[39m [38;5;3m[ClientesService] [39m[31mNumeración de clientes no disponible (P2002). Verificar la migración 20261002000000_add_customer_numbers y el trigger clientes_assign_number.[39m
[31m[Nest] 1184  - [39m10/10/2026, 11:10:51 PM [31m  ERROR[39m [38;5;3m[ContingenciaService] [39m[31mOperación b343ddeb-80fd-4e5c-be0e-f2b1a074c05b: Solo el cajero de la operación o un administrador puede enviarla[39m
[31m[Nest] 1352  - [39m10/10/2026, 11:11:01 PM [31m  ERROR[39m [38;5;3m[ExceptionsHandler] [39mPrismaClientKnownRequestError: 
Invalid `prisma.$queryRawUnsafe()` invocation:


Raw query failed. Code: `P0001`. Message: `ERROR: fallo sintético de auditoría`
    at Un.handleRequestError [90m(/home/user/nexus-audit-wt/backend/[39mnode_modules/[4m@prisma/client[24m/runtime/library.js:121:7447[90m)[39m
    at Un.handleAndLogRequestError [90m(/home/user/nexus-audit-wt/backend/[39mnode_modules/[4m@prisma/client[24m/runtime/library.js:121:6771[90m)[39m
    at Un.request [90m(/home/user/nexus-audit-wt/backend/[39mnode_modules/[4m@prisma/client[24m/runtime/library.js:121:6478[90m)[39m
    at l [90m(/home/user/nexus-audit-wt/backend/[39mnode_modules/[4m@prisma/client[24m/runtime/library.js:130:9644[90m)[39m
    at query [90m(/home/user/nexus-audit-wt/backend/[39msrc/operaciones/ledger.ts:28:18[90m)[39m
    at audit [90m(/home/user/nexus-audit-wt/backend/[39msrc/operaciones/ledger.ts:35:3[90m)[39m
    at [90m/home/user/nexus-audit-wt/backend/[39msrc/productos/productos.service.ts:71:110
    at Proxy._transactionWithCallback [90m(/home/user/nexus-audit-wt/backend/[39mnode_modules/[4m@prisma/client[24m/runtime/library.js:130:8005[90m)[39m {
  code: [32m'P2010'[39m,
  clientVersion: [32m'6.4.1'[39m,
  meta: {
    code: [32m'P0001'[39m,
    message: [32m'ERROR: fallo sintético de auditoría'[39m
  }
}
[31m[Nest] 1439  - [39m10/10/2026, 11:11:04 PM [31m  ERROR[39m [38;5;3m[ContingenciaService] [39m[31mOperación 11a44f92-1b3a-49c0-b850-57ef8e5c8580: Solo el cajero de la operación o un administrador puede enviarla[39m
[31m[Nest] 1689  - [39m10/10/2026, 11:11:13 PM [31m  ERROR[39m [38;5;3m[ContingenciaService] [39m[31mOperación 33107e09-b346-4a70-869d-1f5d8472de0b: Solo el cajero de la operación o un administrador puede enviarla[39m
[31m[Nest] 1773  - [39m10/10/2026, 11:11:17 PM [31m  ERROR[39m [38;5;3m[ExceptionsHandler] [39mPrismaClientKnownRequestError: 
Invalid `prisma.$queryRawUnsafe()` invocation:


Raw query failed. Code: `P0001`. Message: `ERROR: fallo QA`
    at Un.handleRequestError [90m(/home/user/nexus-audit-wt/backend/[39mnode_modules/[4m@prisma/client[24m/runtime/library.js:121:7447[90m)[39m
    at Un.handleAndLogRequestError [90m(/home/user/nexus-audit-wt/backend/[39mnode_modules/[4m@prisma/client[24m/runtime/library.js:121:6771[90m)[39m
    at Un.request [90m(/home/user/nexus-audit-wt/backend/[39mnode_modules/[4m@prisma/client[24m/runtime/library.js:121:6478[90m)[39m
    at l [90m(/home/user/nexus-audit-wt/backend/[39mnode_modules/[4m@prisma/client[24m/runtime/library.js:130:9644[90m)[39m
    at query [90m(/home/user/nexus-audit-wt/backend/[39msrc/operaciones/ledger.ts:28:18[90m)[39m
    at audit [90m(/home/user/nexus-audit-wt/backend/[39msrc/operaciones/ledger.ts:35:3[90m)[39m
    at [90m/home/user/nexus-audit-wt/backend/[39msrc/levantamientos/levantamientos.service.ts:292:4
    at Proxy._transactionWithCallback [90m(/home/user/nexus-audit-wt/backend/[39mnode_modules/[4m@prisma/client[24m/runtime/library.js:130:8005[90m)[39m {
  code: [32m'P2010'[39m,
  clientVersion: [32m'6.4.1'[39m,
  meta: {
    code: [32m'P0001'[39m,
    message: [32m'ERROR: fallo QA'[39m
  }
}
[31m[Nest] 4863  - [39m10/10/2026, 11:12:26 PM [31m  ERROR[39m [38;5;3m[ExceptionsHandler] [39mPrismaClientKnownRequestError: 
Invalid `prisma.$queryRawUnsafe()` invocation:


Raw query failed. Code: `P0001`. Message: `ERROR: Fallo sintético de auditoría`
    at Un.handleRequestError [90m(/home/user/nexus-audit-wt/backend/[39mnode_modules/[4m@prisma/client[24m/runtime/library.js:121:7447[90m)[39m
    at Un.handleAndLogRequestError [90m(/home/user/nexus-audit-wt/backend/[39mnode_modules/[4m@prisma/client[24m/runtime/library.js:121:6771[90m)[39m
    at Un.request [90m(/home/user/nexus-audit-wt/backend/[39mnode_modules/[4m@prisma/client[24m/runtime/library.js:121:6478[90m)[39m
    at l [90m(/home/user/nexus-audit-wt/backend/[39mnode_modules/[4m@prisma/client[24m/runtime/library.js:130:9644[90m)[39m
    at query [90m(/home/user/nexus-audit-wt/backend/[39msrc/operaciones/ledger.ts:28:18[90m)[39m
    at audit [90m(/home/user/nexus-audit-wt/backend/[39msrc/operaciones/ledger.ts:35:3[90m)[39m
    at [90m/home/user/nexus-audit-wt/backend/[39msrc/operaciones/operaciones.service.ts:179:4
    at Proxy._transactionWithCallback [90m(/home/user/nexus-audit-wt/backend/[39mnode_modules/[4m@prisma/client[24m/runtime/library.js:130:8005[90m)[39m {
  code: [32m'P2010'[39m,
  clientVersion: [32m'6.4.1'[39m,
  meta: {
    code: [32m'P0001'[39m,
    message: [32m'ERROR: Fallo sintético de auditoría'[39m
  }
}
[31m[Nest] 4863  - [39m10/10/2026, 11:12:26 PM [31m  ERROR[39m [38;5;3m[ExceptionsHandler] [39mPrismaClientUnknownRequestError: 
Invalid `this.prisma.auditoriaOperacion.create()` invocation in
/home/user/nexus-audit-wt/backend/src/common/interceptors/support-audit.interceptor.ts:34:109

  31 const ruta = request.route?.path ?? 'desconocida';
  32 const entidadId = String(request.params?.id ?? request.params?.[Object.keys(request.params ?? {})[0]] ?? ruta);
  33 const base = { metodo: request.method, ruta, params: request.params ?? {}, _soporte: { superAdminId: supportContext.impersonatedBy, soporteSesionId: supportContext.soporteSesionId, readOnly: false } };
→ 34 const registrar = (operacion: string, extra: Record<string, unknown>) => this.prisma.auditoriaOperacion.create(
Error occurred during query execution:
ConnectorError(ConnectorError { user_facing_error: None, kind: QueryError(PostgresError { code: "P0001", message: "Fallo sintético de auditoría", severity: "ERROR", detail: None, column: None, hint: None }), transient: false })
    at Un.handleRequestError [90m(/home/user/nexus-audit-wt/backend/[39mnode_modules/[4m@prisma/client[24m/runtime/library.js:121:7638[90m)[39m
    at Un.handleAndLogRequestError [90m(/home/user/nexus-audit-wt/backend/[39mnode_modules/[4m@prisma/client[24m/runtime/library.js:121:6771[90m)[39m
    at Un.request [90m(/home/user/nexus-audit-wt/backend/[39mnode_modules/[4m@prisma/client[24m/runtime/library.js:121:6478[90m)[39m
    at l [90m(/home/user/nexus-audit-wt/backend/[39mnode_modules/[4m@prisma/client[24m/runtime/library.js:130:9644[90m)[39m {
  clientVersion: [32m'6.4.1'[39m
}
[31m[Nest] 4945  - [39m10/10/2026, 11:12:28 PM [31m  ERROR[39m [38;5;3m[ExceptionsHandler] [39mPrismaClientKnownRequestError: 
Invalid `prisma.$queryRawUnsafe()` invocation:


Raw query failed. Code: `P0001`. Message: `ERROR: auditoria no disponible`
    at Un.handleRequestError [90m(/home/user/nexus-audit-wt/backend/[39mnode_modules/[4m@prisma/client[24m/runtime/library.js:121:7447[90m)[39m
    at Un.handleAndLogRequestError [90m(/home/user/nexus-audit-wt/backend/[39mnode_modules/[4m@prisma/client[24m/runtime/library.js:121:6771[90m)[39m
    at Un.request [90m(/home/user/nexus-audit-wt/backend/[39mnode_modules/[4m@prisma/client[24m/runtime/library.js:121:6478[90m)[39m
    at l [90m(/home/user/nexus-audit-wt/backend/[39mnode_modules/[4m@prisma/client[24m/runtime/library.js:130:9644[90m)[39m
    at query [90m(/home/user/nexus-audit-wt/backend/[39msrc/operaciones/ledger.ts:28:18[90m)[39m
    at audit [90m(/home/user/nexus-audit-wt/backend/[39msrc/operaciones/ledger.ts:35:3[90m)[39m
    at [90m/home/user/nexus-audit-wt/backend/[39msrc/clientes/clientes.service.ts:175:7
    at Proxy._transactionWithCallback [90m(/home/user/nexus-audit-wt/backend/[39mnode_modules/[4m@prisma/client[24m/runtime/library.js:130:8005[90m)[39m {
  code: [32m'P2010'[39m,
  clientVersion: [32m'6.4.1'[39m,
  meta: {
    code: [32m'P0001'[39m,
    message: [32m'ERROR: auditoria no disponible'[39m
  }
}
[31m[Nest] 5027  - [39m10/10/2026, 11:12:32 PM [31m  ERROR[39m [38;5;3m[ExceptionsHandler] [39mPrismaClientUnknownRequestError: 
Invalid `tx.cotizacion.update()` invocation in
/home/user/nexus-audit-wt/backend/src/cotizaciones/cotizaciones.service.ts:549:27

  546 await cashMovement(tx,caja.id,usuarioId,'VENTA_POS',Number(venta.total),metodoPago,venta.id,'Venta desde cotización');
  547 await audit(tx,tenantId,usuarioId,'COTIZACION_VENDER',venta.id,{cotizacionId,total:Number(venta.total),aprobacion:autorizacion});
  548 // Actualizar estado de la cotización
→ 549 await tx.cotizacion.update(
Error occurred during query execution:
ConnectorError(ConnectorError { user_facing_error: None, kind: QueryError(PostgresError { code: "P0001", message: "Fallo sintético antes de commit", severity: "ERROR", detail: None, column: None, hint: None }), transient: false })
    at Un.handleRequestError [90m(/home/user/nexus-audit-wt/backend/[39mnode_modules/[4m@prisma/client[24m/runtime/library.js:121:7638[90m)[39m
    at Un.handleAndLogRequestError [90m(/home/user/nexus-audit-wt/backend/[39mnode_modules/[4m@prisma/client[24m/runtime/library.js:121:6771[90m)[39m
    at Un.request [90m(/home/user/nexus-audit-wt/backend/[39mnode_modules/[4m@prisma/client[24m/runtime/library.js:121:6478[90m)[39m
    at l [90m(/home/user/nexus-audit-wt/backend/[39mnode_modules/[4m@prisma/client[24m/runtime/library.js:130:9644[90m)[39m
    at [90m/home/user/nexus-audit-wt/backend/[39msrc/cotizaciones/cotizaciones.service.ts:549:7
    at Proxy._transactionWithCallback [90m(/home/user/nexus-audit-wt/backend/[39mnode_modules/[4m@prisma/client[24m/runtime/library.js:130:8005[90m)[39m {
  clientVersion: [32m'6.4.1'[39m
}

 Test Files  34 passed (34)
      Tests  517 passed | 1 skipped (518)
   Start at  23:10:19
   Duration  145.04s (transform 1.61s, setup 0ms, import 11.64s, tests 128.66s, environment 3ms)

